\BOOKMARK [1][-]{section.1}{\376\377\000W\000h\000a\000t\000\040\000i\000s\000\040\000i\000S\000t\000o\000c\000k\000s\000?}{}% 1
\BOOKMARK [2][-]{subsection.1.1}{\376\377\000K\000e\000y\000\040\000F\000e\000a\000t\000u\000r\000e\000s}{section.1}% 2
\BOOKMARK [2][-]{subsection.1.2}{\376\377\000H\000o\000w\000\040\000A\000n\000g\000l\000e\000\040\0003\000.\0000\000\040\000W\000o\000r\000k\000s}{section.1}% 3
\BOOKMARK [2][-]{subsection.1.3}{\376\377\000L\000i\000v\000e\000\040\000P\000r\000o\000d\000u\000c\000t\000\040\000S\000c\000r\000e\000e\000n\000s\000h\000o\000t\000s}{section.1}% 4
\BOOKMARK [1][-]{section.2}{\376\377\000T\000o\000t\000a\000l\000\040\000A\000d\000d\000r\000e\000s\000s\000a\000b\000l\000e\000\040\000M\000a\000r\000k\000e\000t\000\040\000\050\000T\000A\000M\000\051}{}% 5
\BOOKMARK [2][-]{subsection.2.1}{\376\377\000M\000a\000r\000k\000e\000t\000\040\000O\000p\000p\000o\000r\000t\000u\000n\000i\000t\000y}{section.2}% 6
\BOOKMARK [2][-]{subsection.2.2}{\376\377\000M\000a\000r\000k\000e\000t\000\040\000S\000i\000z\000e\000\040\000B\000r\000e\000a\000k\000d\000o\000w\000n}{section.2}% 7
\BOOKMARK [2][-]{subsection.2.3}{\376\377\000W\000h\000o\000m\000\040\000A\000r\000e\000\040\000W\000e\000\040\000B\000u\000i\000l\000d\000i\000n\000g\000\040\000F\000o\000r\000?}{section.2}% 8
\BOOKMARK [2][-]{subsection.2.4}{\376\377\000W\000h\000y\000\040\000N\000o\000w\000?\000\040\000M\000a\000r\000k\000e\000t\000\040\000T\000a\000i\000l\000w\000i\000n\000d\000s}{section.2}% 9
\BOOKMARK [1][-]{section.3}{\376\377\000E\000a\000s\000e\000\040\000o\000f\000\040\000P\000r\000o\000d\000u\000c\000t\000\040\000A\000d\000o\000p\000t\000i\000o\000n}{}% 10
\BOOKMARK [2][-]{subsection.3.1}{\376\377\000Z\000e\000r\000o\000\040\000L\000e\000a\000r\000n\000i\000n\000g\000\040\000C\000u\000r\000v\000e}{section.3}% 11
\BOOKMARK [2][-]{subsection.3.2}{\376\377\000F\000i\000v\000e\000\040\000P\000i\000l\000l\000a\000r\000s\000\040\000o\000f\000\040\000A\000d\000o\000p\000t\000a\000b\000i\000l\000i\000t\000y}{section.3}% 12
\BOOKMARK [1][-]{section.4}{\376\377\000P\000o\000w\000e\000r\000\040\000U\000s\000e\000r\000\040\000M\000o\000n\000e\000t\000i\000z\000a\000t\000i\000o\000n}{}% 13
\BOOKMARK [2][-]{subsection.4.1}{\376\377\000R\000e\000v\000e\000n\000u\000e\000\040\000M\000o\000d\000e\000l}{section.4}% 14
\BOOKMARK [1][-]{section.5}{\376\377\000M\000o\000a\000t\000:\000\040\000W\000h\000y\000\040\000i\000S\000t\000o\000c\000k\000s\000\040\000W\000i\000l\000l\000\040\000W\000i\000n}{}% 15
\BOOKMARK [2][-]{subsection.5.1}{\376\377\000C\000o\000m\000p\000e\000t\000i\000t\000i\000v\000e\000\040\000L\000a\000n\000d\000s\000c\000a\000p\000e}{section.5}% 16
\BOOKMARK [2][-]{subsection.5.2}{\376\377\000F\000i\000v\000e\000\040\000P\000i\000l\000l\000a\000r\000s\000\040\000o\000f\000\040\000D\000e\000f\000e\000n\000s\000i\000b\000i\000l\000i\000t\000y}{section.5}% 17
\BOOKMARK [1][-]{section.6}{\376\377\000W\000h\000a\000t\000\040\000C\000o\000u\000l\000d\000\040\000C\000a\000u\000s\000e\000\040\000F\000a\000i\000l\000u\000r\000e\000\040\000a\000n\000d\000\040\000M\000i\000t\000i\000g\000a\000t\000i\000o\000n}{}% 18
\BOOKMARK [2][-]{subsection.6.1}{\376\377\000R\000i\000s\000k\000\040\000A\000n\000a\000l\000y\000s\000i\000s}{section.6}% 19
\BOOKMARK [1][-]{section.7}{\376\377\000R\000e\000f\000e\000r\000e\000n\000c\000e\000s\000\040\000a\000n\000d\000\040\000S\000o\000u\000r\000c\000e\000s}{}% 20
